bash create_forcing.sh MERRA-2 1980
bash create_forcing.sh MERRA-2 1981
bash create_forcing.sh MERRA-2 1982
bash create_forcing.sh MERRA-2 1983
bash create_forcing.sh MERRA-2 1984
bash create_forcing.sh MERRA-2 1985
bash create_forcing.sh MERRA-2 1986
bash create_forcing.sh MERRA-2 1987
bash create_forcing.sh MERRA-2 1988
bash create_forcing.sh MERRA-2 1989
bash create_forcing.sh MERRA-2 1990
bash create_forcing.sh MERRA-2 1991
bash create_forcing.sh MERRA-2 1992
bash create_forcing.sh MERRA-2 1993
bash create_forcing.sh MERRA-2 1994
bash create_forcing.sh MERRA-2 1995
bash create_forcing.sh MERRA-2 1996
bash create_forcing.sh MERRA-2 1997
bash create_forcing.sh MERRA-2 1998
bash create_forcing.sh MERRA-2 1999
bash create_forcing.sh MERRA-2 2000
bash create_forcing.sh MERRA-2 2001
bash create_forcing.sh MERRA-2 2002
bash create_forcing.sh MERRA-2 2003
bash create_forcing.sh MERRA-2 2004
bash create_forcing.sh MERRA-2 2005
bash create_forcing.sh MERRA-2 2006
bash create_forcing.sh MERRA-2 2007
bash create_forcing.sh MERRA-2 2008
bash create_forcing.sh MERRA-2 2009
bash create_forcing.sh MERRA-2 2010
bash create_forcing.sh MERRA-2 2011
bash create_forcing.sh MERRA-2 2012
bash create_forcing.sh MERRA-2 2013
bash create_forcing.sh MERRA-2 2014
bash create_forcing.sh MERRA-2 2015
bash create_forcing.sh MERRA-2 2016
bash create_forcing.sh MERRA-2 2017
bash create_forcing.sh MERRA-2 2018
bash create_forcing.sh MERRA-2 2019
