bash create_forcing.sh MERRA-2 1980 3600
bash create_forcing.sh MERRA-2 1981 3600
bash create_forcing.sh MERRA-2 1982 3600
bash create_forcing.sh MERRA-2 1983 3600
bash create_forcing.sh MERRA-2 1984 3600
bash create_forcing.sh MERRA-2 1985 3600
bash create_forcing.sh MERRA-2 1986 3600
bash create_forcing.sh MERRA-2 1987 3600
bash create_forcing.sh MERRA-2 1988 3600
bash create_forcing.sh MERRA-2 1989 3600
bash create_forcing.sh MERRA-2 1990 3600
bash create_forcing.sh MERRA-2 1991 3600
bash create_forcing.sh MERRA-2 1992 3600
bash create_forcing.sh MERRA-2 1993 3600
bash create_forcing.sh MERRA-2 1994 3600
bash create_forcing.sh MERRA-2 1995 3600
bash create_forcing.sh MERRA-2 1996 3600
bash create_forcing.sh MERRA-2 1997 3600
bash create_forcing.sh MERRA-2 1998 3600
bash create_forcing.sh MERRA-2 1999 3600
bash create_forcing.sh MERRA-2 2000 3600
bash create_forcing.sh MERRA-2 2001 3600
bash create_forcing.sh MERRA-2 2002 3600
bash create_forcing.sh MERRA-2 2003 3600
bash create_forcing.sh MERRA-2 2004 3600
bash create_forcing.sh MERRA-2 2005 3600
bash create_forcing.sh MERRA-2 2006 3600
bash create_forcing.sh MERRA-2 2007 3600
bash create_forcing.sh MERRA-2 2008 3600
bash create_forcing.sh MERRA-2 2009 3600
bash create_forcing.sh MERRA-2 2010 3600
bash create_forcing.sh MERRA-2 2011 3600
bash create_forcing.sh MERRA-2 2012 3600
bash create_forcing.sh MERRA-2 2013 3600
bash create_forcing.sh MERRA-2 2014 3600
bash create_forcing.sh MERRA-2 2015 3600
bash create_forcing.sh MERRA-2 2016 3600
bash create_forcing.sh MERRA-2 2017 3600
bash create_forcing.sh MERRA-2 2018 3600
bash create_forcing.sh MERRA-2 2019 3600
